// Jest Snapshot v1, https://goo.gl/fbAQLP

exports[`Describe should test 1`] = `
"{
  \\"x\\": 5
}
"
`;
