// Jest Snapshot v1, https://goo.gl/fbAQLP

exports[`Passing tests (ts-jest) should pass tests 1`] = `
{
  "numFailedTestSuites": 0,
  "numFailedTests": 0,
  "numPassedTestSuites": 1,
  "numPassedTests": 2,
  "numPendingTestSuites": 0,
  "numPendingTests": 0,
  "numRuntimeErrorTestSuites": 0,
  "numTodoTests": 0,
  "numTotalTestSuites": 1,
  "numTotalTests": 2,
  "openHandles": [],
  "snapshot": {
    "added": 0,
    "didUpdate": false,
    "failure": false,
    "filesAdded": 0,
    "filesRemoved": 0,
    "filesRemovedList": [],
    "filesUnmatched": 0,
    "filesUpdated": 0,
    "matched": 0,
    "total": 0,
    "unchecked": 0,
    "uncheckedKeysByFile": [],
    "unmatched": 0,
    "updated": 0,
  },
  "startTime": undefined,
  "success": true,
  "testResults": [
    {
      "assertionResults": [
        {
          "ancestorTitles": [
            "Describe",
          ],
          "duration": undefined,
          "failureMessages": [],
          "fullName": "Describe should test",
          "location": null,
          "status": "passed",
          "title": "should test",
        },
        {
          "ancestorTitles": [
            "Describe",
          ],
          "duration": undefined,
          "failureMessages": [],
          "fullName": "Describe should test async",
          "location": null,
          "status": "passed",
          "title": "should test async",
        },
      ],
      "endTime": undefined,
      "failureMessage": "",
      "message": "",
      "name": "/e2e/ts-passing-tests/__tests__/test.ts",
      "startTime": undefined,
      "status": "passed",
      "summary": "",
    },
  ],
  "wasInterrupted": false,
}
`;
