// Jest Snapshot v1, https://goo.gl/fbAQLP

exports[`Tests that call VS Code commands should pass tests 1`] = `
Object {
  "numFailedTestSuites": 0,
  "numFailedTests": 0,
  "numPassedTestSuites": 1,
  "numPassedTests": 1,
  "numPendingTestSuites": 0,
  "numPendingTests": 0,
  "numRuntimeErrorTestSuites": 0,
  "numTodoTests": 0,
  "numTotalTestSuites": 1,
  "numTotalTests": 1,
  "openHandles": Array [],
  "snapshot": Object {
    "added": 0,
    "didUpdate": false,
    "failure": false,
    "filesAdded": 0,
    "filesRemoved": 0,
    "filesRemovedList": Array [],
    "filesUnmatched": 0,
    "filesUpdated": 0,
    "matched": 1,
    "total": 1,
    "unchecked": 0,
    "uncheckedKeysByFile": Array [],
    "unmatched": 0,
    "updated": 0,
  },
  "startTime": undefined,
  "success": true,
  "testResults": Array [
    Object {
      "assertionResults": Array [
        Object {
          "ancestorTitles": Array [
            "Describe",
          ],
          "failureMessages": Array [],
          "fullName": "Describe should test",
          "location": null,
          "status": "passed",
          "title": "should test",
        },
      ],
      "endTime": undefined,
      "failureMessage": "",
      "message": "",
      "name": "/e2e/vscode-commands/__tests__/test.js",
      "startTime": undefined,
      "status": "passed",
      "summary": "",
    },
  ],
  "wasInterrupted": false,
}
`;
